--: line 1: gradle: command not found
